PS C:\Users\hp\Desktop\sem2 psc\c_activity_sets\set02> gdb a.exe
GNU gdb (GDB) 7.6.1
Copyright (C) 2013 Free Software Foundation, Inc.
License GPLv3+: GNU GPL version 3 or later <http://gnu.org/licenses/gpl.html>
This is free software: you are free to change and redistribute it.
There is NO WARRANTY, to the extent permitted by law.  Type "show copying"
and "show warranty" for details.
This GDB was configured as "mingw32".
For bug reporting instructions, please see:
<http://www.gnu.org/software/gdb/bugs/>...
Reading symbols from C:\Users\hp\Desktop\sem2 psc\c_activity_sets\set02\a.exe...done.
(gdb) b main
Breakpoint 1 at 0x40146e: file problem05.c, line 10.
(gdb) r
Starting program: C:\Users\hp\Desktop\sem2 psc\c_activity_sets\set02/a.exe 
[New Thread 5624.0xd20]
[New Thread 5624.0x1a80]

Breakpoint 1, main () at problem05.c:10
10          int a = input();
(gdb) s
input () at problem05.c:19
19          printf("Enter a number: ");
(gdb) s
Enter a number: 20          scanf("%d", &x);
(gdb) s
s
21          return x;
(gdb) b
Breakpoint 2 at 0x4014e0: file problem05.c, line 21.
(gdb) q
A debugging session is active.

        Inferior 1 [process 5624] will be killed.

Quit anyway? (y or n) y
error return ../../gdb-7.6.1/gdb/windows-nat.c:1275 was 5
PS C:\Users\hp\Desktop\sem2 psc\c_activity_sets\set02> 