PS C:\Users\hp\Desktop\sem2 psc\c_activity_sets\set03> gdb a.exe
GNU gdb (GDB) 7.6.1
Copyright (C) 2013 Free Software Foundation, Inc.
License GPLv3+: GNU GPL version 3 or later <http://gnu.org/licenses/gpl.html>
This is free software: you are free to change and redistribute it.
There is NO WARRANTY, to the extent permitted by law.  Type "show copying"
and "show warranty" for details.
This GDB was configured as "mingw32".
For bug reporting instructions, please see:
<http://www.gnu.org/software/gdb/bugs/>...
a.exe: No such file or directory.
(gdb) b main
No symbol table is loaded.  Use the "file" command.
Make breakpoint pending on future shared library load? (y or [n]) n
(gdb) 
No symbol table is loaded.  Use the "file" command.
Breakpoint 1 (main) pending.
(gdb) r
(gdb) end
This command cannot be used at the top level.
(gdb) quit
PS C:\Users\hp\Desktop\sem2 psc\c_activity_sets\set03> gcc problem07.c -O0 -g
c:/mingw/bin/../lib/gcc/mingw32/6.3.0/../../../libmingw32.a(main.o):(.text.startup+0xa0): undefined reference to `WinMain@16'
collect2.exe: error: ld returned 1 exit status
PS C:\Users\hp\Desktop\sem2 psc\c_activity_sets\set03> gcc -g -O0 problem01.c -o problem01.exe
PS C:\Users\hp\Desktop\sem2 psc\c_activity_sets\set03> gdb problem01.exe
GNU gdb (GDB) 7.6.1
Copyright (C) 2013 Free Software Foundation, Inc.
License GPLv3+: GNU GPL version 3 or later <http://gnu.org/licenses/gpl.html>
This is free software: you are free to change and redistribute it.
There is NO WARRANTY, to the extent permitted by law.  Type "show copying"
and "show warranty" for details.
This GDB was configured as "mingw32".
For bug reporting instructions, please see:
<http://www.gnu.org/software/gdb/bugs/>...
Reading symbols from C:\Users\hp\Desktop\sem2 psc\c_activity_sets\set03\problem01.exe...done.
(gdb) b main
Breakpoint 1 at 0x40146e: file problem01.c, line 13.
(gdb) r
Starting program: C:\Users\hp\Desktop\sem2 psc\c_activity_sets\set03/problem01.exe 
[New Thread 13528.0x23b4]
[New Thread 13528.0x3be0]

Breakpoint 1, main () at problem01.c:13
13          input(&x1, &y1, &x2, &y2);
(gdb) n
Enter the coordinates of point 1 (x1 y1): 4
3
Enter the coordinates of point 2 (x2 y2): 6
8
16          distance = find_distance(x1, y1, x2, y2);
(gdb) n
19          output(x1, y1, x2, y2, distance);
(gdb) n
Distance between (4, 3) and (6, 8) is: 5
21          return 0;
(gdb) c
Continuing.
[Inferior 1 (process 13528) exited normally]
(gdb) q